+ pwd
/home/runner/work/Kame.io/Kame.io
+ ls -la
total 92
drwxr-xr-x 11 runner runner  4096 Sep 26 00:00 .
drwxr-xr-x  3 runner runner  4096 Sep 25 23:56 ..
drwxr-xr-x  3 runner runner  4096 Sep 25 23:57 .dart_tool
-rw-r--r--  1 runner runner  1362 Sep 25 23:57 .flutter-plugins
-rw-r--r--  1 runner runner  3288 Sep 25 23:57 .flutter-plugins-dependencies
drwxr-xr-x  7 runner runner  4096 Sep 25 23:56 .git
drwxr-xr-x  3 runner runner  4096 Sep 25 23:56 .github
-rw-r--r--  1 runner runner   512 Sep 25 23:56 .gitignore
-rw-r--r--  1 runner runner  6337 Sep 25 23:56 README.md
-rw-r--r--  1 runner runner    93 Sep 25 23:56 analysis_options.yaml
drwxr-xr-x  5 runner runner  4096 Sep 25 23:57 android
drwxr-xr-x  9 runner runner  4096 Sep 25 23:59 build
drwxr-xr-x  4 runner runner  4096 Sep 25 23:56 cardapio
drwxr-xr-x  5 runner runner  4096 Sep 25 23:56 lib
drwxr-xr-x  2 runner runner  4096 Sep 25 23:56 preview
-rw-r--r--  1 runner runner 12333 Sep 25 23:57 pubspec.lock
-rw-r--r--  1 runner runner   370 Sep 25 23:56 pubspec.yaml
-rw-r--r--  1 runner runner    49 Sep 26 00:00 rename-debug.log
drwxr-xr-x  2 runner runner  4096 Sep 25 23:56 test
+ echo '--- todo .apk no workspace ---'
--- todo .apk no workspace ---
+ find . -type f -name '*.apk'
+ head -n 20
./build/app/outputs/apk/debug/app-debug.apk
+ echo '--- build/ ---'
--- build/ ---
+ ls -R build
+ head -n 60
build:
app
camera_android_camerax
flutter_plugin_android_lifecycle
image_picker_android
native_assets
test_cache
unit_test_assets

build/app:
generated
intermediates
kotlin
outputs
tmp

build/app/generated:
ap_generated_sources
res

build/app/generated/ap_generated_sources:
debug

build/app/generated/ap_generated_sources/debug:
out

build/app/generated/ap_generated_sources/debug/out:

build/app/generated/res:
pngs
resValues

build/app/generated/res/pngs:
debug

build/app/generated/res/pngs/debug:

build/app/generated/res/resValues:
debug

build/app/generated/res/resValues/debug:

build/app/intermediates:
aar_metadata_check
annotation_processor_list
apk_ide_redirect_file
app_metadata
assets
compatible_screen_manifest
compile_and_runtime_not_namespaced_r_class_jar
compressed_assets
data_binding_layout_info_type_merge
data_binding_layout_info_type_package
desugar_graph
dex
dex_archive_input_jar_hashes
dex_number_of_buckets_file
duplicate_classes_check
external_file_lib_dex_archives
external_libs_dex_archive
+ echo '--- android/build/ ---'
--- android/build/ ---
+ ls -R android/build
+ head -n 40
ls: cannot access 'android/build': No such file or directory
++ find . -type f -name app-debug.apk -print
++ head -n 1
+ SRC=./build/app/outputs/apk/debug/app-debug.apk
+ echo SRC=./build/app/outputs/apk/debug/app-debug.apk
SRC=./build/app/outputs/apk/debug/app-debug.apk
+ ls -la build/app/outputs/flutter-apk
ls: cannot access 'build/app/outputs/flutter-apk': No such file or directory
+ test -n ./build/app/outputs/apk/debug/app-debug.apk
++ grep '^version:' pubspec.yaml
++ awk '{print $2}'
++ cut -d+ -f1
+ VERSION=1.0.0
+ DEST=build/app/outputs/flutter-apk/kame-io-1.0.0-debug.apk
+ mv ./build/app/outputs/apk/debug/app-debug.apk build/app/outputs/flutter-apk/kame-io-1.0.0-debug.apk
mv: cannot move './build/app/outputs/apk/debug/app-debug.apk' to 'build/app/outputs/flutter-apk/kame-io-1.0.0-debug.apk': No such file or directory
+ echo APK_PATH=build/app/outputs/flutter-apk/kame-io-1.0.0-debug.apk
+ ls -lh build/app/outputs/flutter-apk/kame-io-1.0.0-debug.apk
ls: cannot access 'build/app/outputs/flutter-apk/kame-io-1.0.0-debug.apk': No such file or directory
